rayQuery-committed.Error.rgen
ERROR: 0:48:86: 'committed' : argument must be compile-time constant 
ERROR: 0:53:88: 'committed' : argument must be compile-time constant 
ERROR: 0:54:88: 'committed' : argument must be compile-time constant 
ERROR: 0:58:77: 'committed' : argument must be compile-time constant 
ERROR: 0:62:80: 'committed' : argument must be compile-time constant 
ERROR: 0:66:87: 'committed' : argument must be compile-time constant 
ERROR: 0:70:78: 'committed' : argument must be compile-time constant 
ERROR: 0:74:86: 'committed' : argument must be compile-time constant 
ERROR: 0:78:83: 'committed' : argument must be compile-time constant 
ERROR: 0:82:82: 'committed' : argument must be compile-time constant 
ERROR: 0:86:69: 'committed' : argument must be compile-time constant 
ERROR: 0:90:106: 'committed' : argument must be compile-time constant 
ERROR: 0:97:83: 'committed' : argument must be compile-time constant 
ERROR: 0:100:77: 'committed' : argument must be compile-time constant 
ERROR: 14 compilation errors.  No code generated.


SPIR-V is not generated for failed compile or link
