spv.dataOutIndirect.frag
// Module Version 10000
// Generated by (magic number): 80007
// Id's are bound by 26

                              Capability Shader
               1:             ExtInstImport  "GLSL.std.450"
                              MemoryModel Logical GLSL450
                              EntryPoint Fragment 4  "main" 12 22
                              ExecutionMode 4 OriginUpperLeft
                              Source GLSL 140
                              Name 4  "main"
                              Name 12  "fcolor"
                              Name 14  "b"
                              MemberName 14(b) 0  "i"
                              Name 16  "bName"
                              Name 22  "Color"
                              MemberDecorate 14(b) 0 Offset 0
                              Decorate 14(b) Block
                              Decorate 16(bName) DescriptorSet 0
               2:             TypeVoid
               3:             TypeFunction 2(void)
               6:             TypeFloat 32
               7:             TypeVector 6(float) 4
               8:             TypeInt 32 0
               9:     8(uint) Constant 4
              10:             TypeArray 7(vec4) 9
              11:             TypePointer Output 10(vec4[4])
      12(fcolor):11(vec4[4]*) Variable Output
              13:             TypeInt 32 1
           14(b):             TypeStruct 13(int)
              15:             TypePointer Uniform 14(b)
       16(bName):      15(b*) Variable Uniform
              17:     13(int) Constant 0
              18:             TypePointer Uniform 13(int)
              21:             TypePointer Input 7(vec4)
       22(Color):   21(vec4*) Variable Input
              24:             TypePointer Output 7(vec4)
         4(main):     2(void) Function None 3
               5:             Label
              19:    18(int*) AccessChain 16(bName) 17
              20:     13(int) Load 19
              23:     7(vec4) Load 22(Color)
              25:   24(vec4*) AccessChain 12(fcolor) 20
                              Store 25 23
                              Return
                              FunctionEnd
