spv.subgroupExtendedTypesBallotNeg.comp
ERROR: 0:26:67: ' temp int8_t' : required extension not requested: GL_EXT_shader_subgroup_extended_types_int8
ERROR: 0:27:67: ' temp 2-component vector of int8_t' : required extension not requested: GL_EXT_shader_subgroup_extended_types_int8
ERROR: 0:28:67: ' temp 3-component vector of int8_t' : required extension not requested: GL_EXT_shader_subgroup_extended_types_int8
ERROR: 0:29:67: 'layout( column_major std430) buffer 4-component vector of int8_t' : required extension not requested: GL_EXT_shader_subgroup_extended_types_int8
ERROR: 0:30:66: ' temp int8_t' : required extension not requested: GL_EXT_shader_subgroup_extended_types_int8
ERROR: 0:31:67: ' temp 2-component vector of int8_t' : required extension not requested: GL_EXT_shader_subgroup_extended_types_int8
ERROR: 0:32:68: ' temp 3-component vector of int8_t' : required extension not requested: GL_EXT_shader_subgroup_extended_types_int8
ERROR: 0:33:64: 'layout( column_major std430) buffer 4-component vector of int8_t' : required extension not requested: GL_EXT_shader_subgroup_extended_types_int8
ERROR: 0:35:67: ' temp uint8_t' : required extension not requested: GL_EXT_shader_subgroup_extended_types_int8
ERROR: 0:36:67: ' temp 2-component vector of uint8_t' : required extension not requested: GL_EXT_shader_subgroup_extended_types_int8
ERROR: 0:37:67: ' temp 3-component vector of uint8_t' : required extension not requested: GL_EXT_shader_subgroup_extended_types_int8
ERROR: 0:38:67: 'layout( column_major std430) buffer 4-component vector of uint8_t' : required extension not requested: GL_EXT_shader_subgroup_extended_types_int8
ERROR: 0:39:66: ' temp uint8_t' : required extension not requested: GL_EXT_shader_subgroup_extended_types_int8
ERROR: 0:40:67: ' temp 2-component vector of uint8_t' : required extension not requested: GL_EXT_shader_subgroup_extended_types_int8
ERROR: 0:41:68: ' temp 3-component vector of uint8_t' : required extension not requested: GL_EXT_shader_subgroup_extended_types_int8
ERROR: 0:42:64: 'layout( column_major std430) buffer 4-component vector of uint8_t' : required extension not requested: GL_EXT_shader_subgroup_extended_types_int8
ERROR: 0:44:69: ' temp int16_t' : required extension not requested: GL_EXT_shader_subgroup_extended_types_int16
ERROR: 0:45:69: ' temp 2-component vector of int16_t' : required extension not requested: GL_EXT_shader_subgroup_extended_types_int16
ERROR: 0:46:69: ' temp 3-component vector of int16_t' : required extension not requested: GL_EXT_shader_subgroup_extended_types_int16
ERROR: 0:47:69: 'layout( column_major std430) buffer 4-component vector of int16_t' : required extension not requested: GL_EXT_shader_subgroup_extended_types_int16
ERROR: 0:48:68: ' temp int16_t' : required extension not requested: GL_EXT_shader_subgroup_extended_types_int16
ERROR: 0:49:69: ' temp 2-component vector of int16_t' : required extension not requested: GL_EXT_shader_subgroup_extended_types_int16
ERROR: 0:50:70: ' temp 3-component vector of int16_t' : required extension not requested: GL_EXT_shader_subgroup_extended_types_int16
ERROR: 0:51:66: 'layout( column_major std430) buffer 4-component vector of int16_t' : required extension not requested: GL_EXT_shader_subgroup_extended_types_int16
ERROR: 0:53:69: ' temp uint16_t' : required extension not requested: GL_EXT_shader_subgroup_extended_types_int16
ERROR: 0:54:69: ' temp 2-component vector of uint16_t' : required extension not requested: GL_EXT_shader_subgroup_extended_types_int16
ERROR: 0:55:69: ' temp 3-component vector of uint16_t' : required extension not requested: GL_EXT_shader_subgroup_extended_types_int16
ERROR: 0:56:69: 'layout( column_major std430) buffer 4-component vector of uint16_t' : required extension not requested: GL_EXT_shader_subgroup_extended_types_int16
ERROR: 0:57:68: ' temp uint16_t' : required extension not requested: GL_EXT_shader_subgroup_extended_types_int16
ERROR: 0:58:69: ' temp 2-component vector of uint16_t' : required extension not requested: GL_EXT_shader_subgroup_extended_types_int16
ERROR: 0:59:70: ' temp 3-component vector of uint16_t' : required extension not requested: GL_EXT_shader_subgroup_extended_types_int16
ERROR: 0:60:66: 'layout( column_major std430) buffer 4-component vector of uint16_t' : required extension not requested: GL_EXT_shader_subgroup_extended_types_int16
ERROR: 0:62:69: ' temp int64_t' : required extension not requested: GL_EXT_shader_subgroup_extended_types_int64
ERROR: 0:63:69: ' temp 2-component vector of int64_t' : required extension not requested: GL_EXT_shader_subgroup_extended_types_int64
ERROR: 0:64:69: ' temp 3-component vector of int64_t' : required extension not requested: GL_EXT_shader_subgroup_extended_types_int64
ERROR: 0:65:69: 'layout( column_major std430) buffer 4-component vector of int64_t' : required extension not requested: GL_EXT_shader_subgroup_extended_types_int64
ERROR: 0:66:68: ' temp int64_t' : required extension not requested: GL_EXT_shader_subgroup_extended_types_int64
ERROR: 0:67:69: ' temp 2-component vector of int64_t' : required extension not requested: GL_EXT_shader_subgroup_extended_types_int64
ERROR: 0:68:70: ' temp 3-component vector of int64_t' : required extension not requested: GL_EXT_shader_subgroup_extended_types_int64
ERROR: 0:69:66: 'layout( column_major std430) buffer 4-component vector of int64_t' : required extension not requested: GL_EXT_shader_subgroup_extended_types_int64
ERROR: 0:71:69: ' temp uint64_t' : required extension not requested: GL_EXT_shader_subgroup_extended_types_int64
ERROR: 0:72:69: ' temp 2-component vector of uint64_t' : required extension not requested: GL_EXT_shader_subgroup_extended_types_int64
ERROR: 0:73:69: ' temp 3-component vector of uint64_t' : required extension not requested: GL_EXT_shader_subgroup_extended_types_int64
ERROR: 0:74:69: 'layout( column_major std430) buffer 4-component vector of uint64_t' : required extension not requested: GL_EXT_shader_subgroup_extended_types_int64
ERROR: 0:75:68: ' temp uint64_t' : required extension not requested: GL_EXT_shader_subgroup_extended_types_int64
ERROR: 0:76:69: ' temp 2-component vector of uint64_t' : required extension not requested: GL_EXT_shader_subgroup_extended_types_int64
ERROR: 0:77:70: ' temp 3-component vector of uint64_t' : required extension not requested: GL_EXT_shader_subgroup_extended_types_int64
ERROR: 0:78:66: 'layout( column_major std430) buffer 4-component vector of uint64_t' : required extension not requested: GL_EXT_shader_subgroup_extended_types_int64
ERROR: 0:80:69: ' temp float16_t' : required extension not requested: GL_EXT_shader_subgroup_extended_types_float16
ERROR: 0:81:69: ' temp 2-component vector of float16_t' : required extension not requested: GL_EXT_shader_subgroup_extended_types_float16
ERROR: 0:82:69: ' temp 3-component vector of float16_t' : required extension not requested: GL_EXT_shader_subgroup_extended_types_float16
ERROR: 0:83:69: 'layout( column_major std430) buffer 4-component vector of float16_t' : required extension not requested: GL_EXT_shader_subgroup_extended_types_float16
ERROR: 0:84:68: ' temp float16_t' : required extension not requested: GL_EXT_shader_subgroup_extended_types_float16
ERROR: 0:85:69: ' temp 2-component vector of float16_t' : required extension not requested: GL_EXT_shader_subgroup_extended_types_float16
ERROR: 0:86:70: ' temp 3-component vector of float16_t' : required extension not requested: GL_EXT_shader_subgroup_extended_types_float16
ERROR: 0:87:66: 'layout( column_major std430) buffer 4-component vector of float16_t' : required extension not requested: GL_EXT_shader_subgroup_extended_types_float16
ERROR: 56 compilation errors.  No code generated.


SPIR-V is not generated for failed compile or link
