spv.vulkan100.subgroupArithmetic.comp
ERROR: 0:19:55: 'subgroup op' : requires SPIR-V 1.3 
ERROR: 0:20:56: 'subgroup op' : requires SPIR-V 1.3 
ERROR: 0:21:57: 'subgroup op' : requires SPIR-V 1.3 
ERROR: 0:22:53: 'subgroup op' : requires SPIR-V 1.3 
ERROR: 0:24:55: 'subgroup op' : requires SPIR-V 1.3 
ERROR: 0:25:56: 'subgroup op' : requires SPIR-V 1.3 
ERROR: 0:26:57: 'subgroup op' : requires SPIR-V 1.3 
ERROR: 0:27:53: 'subgroup op' : requires SPIR-V 1.3 
ERROR: 0:29:55: 'subgroup op' : requires SPIR-V 1.3 
ERROR: 0:30:56: 'subgroup op' : requires SPIR-V 1.3 
ERROR: 0:31:57: 'subgroup op' : requires SPIR-V 1.3 
ERROR: 0:32:53: 'subgroup op' : requires SPIR-V 1.3 
ERROR: 0:34:55: 'subgroup op' : requires SPIR-V 1.3 
ERROR: 0:35:56: 'subgroup op' : requires SPIR-V 1.3 
ERROR: 0:36:57: 'subgroup op' : requires SPIR-V 1.3 
ERROR: 0:37:53: 'subgroup op' : requires SPIR-V 1.3 
ERROR: 0:39:55: 'subgroup op' : requires SPIR-V 1.3 
ERROR: 0:40:56: 'subgroup op' : requires SPIR-V 1.3 
ERROR: 0:41:57: 'subgroup op' : requires SPIR-V 1.3 
ERROR: 0:42:53: 'subgroup op' : requires SPIR-V 1.3 
ERROR: 0:44:55: 'subgroup op' : requires SPIR-V 1.3 
ERROR: 0:45:56: 'subgroup op' : requires SPIR-V 1.3 
ERROR: 0:46:57: 'subgroup op' : requires SPIR-V 1.3 
ERROR: 0:47:53: 'subgroup op' : requires SPIR-V 1.3 
ERROR: 0:49:55: 'subgroup op' : requires SPIR-V 1.3 
ERROR: 0:50:56: 'subgroup op' : requires SPIR-V 1.3 
ERROR: 0:51:57: 'subgroup op' : requires SPIR-V 1.3 
ERROR: 0:52:53: 'subgroup op' : requires SPIR-V 1.3 
ERROR: 0:54:55: 'subgroup op' : requires SPIR-V 1.3 
ERROR: 0:55:56: 'subgroup op' : requires SPIR-V 1.3 
ERROR: 0:56:57: 'subgroup op' : requires SPIR-V 1.3 
ERROR: 0:57:53: 'subgroup op' : requires SPIR-V 1.3 
ERROR: 0:59:55: 'subgroup op' : requires SPIR-V 1.3 
ERROR: 0:60:56: 'subgroup op' : requires SPIR-V 1.3 
ERROR: 0:61:57: 'subgroup op' : requires SPIR-V 1.3 
ERROR: 0:62:53: 'subgroup op' : requires SPIR-V 1.3 
ERROR: 0:64:55: 'subgroup op' : requires SPIR-V 1.3 
ERROR: 0:65:56: 'subgroup op' : requires SPIR-V 1.3 
ERROR: 0:66:57: 'subgroup op' : requires SPIR-V 1.3 
ERROR: 0:67:53: 'subgroup op' : requires SPIR-V 1.3 
ERROR: 0:69:55: 'subgroup op' : requires SPIR-V 1.3 
ERROR: 0:70:56: 'subgroup op' : requires SPIR-V 1.3 
ERROR: 0:71:57: 'subgroup op' : requires SPIR-V 1.3 
ERROR: 0:72:53: 'subgroup op' : requires SPIR-V 1.3 
ERROR: 0:74:55: 'subgroup op' : requires SPIR-V 1.3 
ERROR: 0:75:56: 'subgroup op' : requires SPIR-V 1.3 
ERROR: 0:76:57: 'subgroup op' : requires SPIR-V 1.3 
ERROR: 0:77:53: 'subgroup op' : requires SPIR-V 1.3 
ERROR: 0:79:55: 'subgroup op' : requires SPIR-V 1.3 
ERROR: 0:80:56: 'subgroup op' : requires SPIR-V 1.3 
ERROR: 0:81:57: 'subgroup op' : requires SPIR-V 1.3 
ERROR: 0:82:53: 'subgroup op' : requires SPIR-V 1.3 
ERROR: 0:84:55: 'subgroup op' : requires SPIR-V 1.3 
ERROR: 0:85:56: 'subgroup op' : requires SPIR-V 1.3 
ERROR: 0:86:57: 'subgroup op' : requires SPIR-V 1.3 
ERROR: 0:87:53: 'subgroup op' : requires SPIR-V 1.3 
ERROR: 0:89:55: 'subgroup op' : requires SPIR-V 1.3 
ERROR: 0:90:56: 'subgroup op' : requires SPIR-V 1.3 
ERROR: 0:91:57: 'subgroup op' : requires SPIR-V 1.3 
ERROR: 0:92:53: 'subgroup op' : requires SPIR-V 1.3 
ERROR: 0:94:55: 'subgroup op' : requires SPIR-V 1.3 
ERROR: 0:95:56: 'subgroup op' : requires SPIR-V 1.3 
ERROR: 0:96:57: 'subgroup op' : requires SPIR-V 1.3 
ERROR: 0:97:53: 'subgroup op' : requires SPIR-V 1.3 
ERROR: 0:99:55: 'subgroup op' : requires SPIR-V 1.3 
ERROR: 0:100:56: 'subgroup op' : requires SPIR-V 1.3 
ERROR: 0:101:57: 'subgroup op' : requires SPIR-V 1.3 
ERROR: 0:102:53: 'subgroup op' : requires SPIR-V 1.3 
ERROR: 0:104:55: 'subgroup op' : requires SPIR-V 1.3 
ERROR: 0:105:56: 'subgroup op' : requires SPIR-V 1.3 
ERROR: 0:106:57: 'subgroup op' : requires SPIR-V 1.3 
ERROR: 0:107:53: 'subgroup op' : requires SPIR-V 1.3 
ERROR: 0:109:65: 'subgroup op' : requires SPIR-V 1.3 
ERROR: 0:110:82: 'subgroup op' : requires SPIR-V 1.3 
ERROR: 0:111:83: 'subgroup op' : requires SPIR-V 1.3 
ERROR: 0:112:79: 'subgroup op' : requires SPIR-V 1.3 
ERROR: 0:114:54: 'subgroup op' : requires SPIR-V 1.3 
ERROR: 0:115:55: 'subgroup op' : requires SPIR-V 1.3 
ERROR: 0:116:56: 'subgroup op' : requires SPIR-V 1.3 
ERROR: 0:117:52: 'subgroup op' : requires SPIR-V 1.3 
ERROR: 0:119:54: 'subgroup op' : requires SPIR-V 1.3 
ERROR: 0:120:55: 'subgroup op' : requires SPIR-V 1.3 
ERROR: 0:121:56: 'subgroup op' : requires SPIR-V 1.3 
ERROR: 0:122:52: 'subgroup op' : requires SPIR-V 1.3 
ERROR: 0:124:64: 'subgroup op' : requires SPIR-V 1.3 
ERROR: 0:125:81: 'subgroup op' : requires SPIR-V 1.3 
ERROR: 0:126:82: 'subgroup op' : requires SPIR-V 1.3 
ERROR: 0:127:78: 'subgroup op' : requires SPIR-V 1.3 
ERROR: 0:129:55: 'subgroup op' : requires SPIR-V 1.3 
ERROR: 0:130:56: 'subgroup op' : requires SPIR-V 1.3 
ERROR: 0:131:57: 'subgroup op' : requires SPIR-V 1.3 
ERROR: 0:132:53: 'subgroup op' : requires SPIR-V 1.3 
ERROR: 0:134:55: 'subgroup op' : requires SPIR-V 1.3 
ERROR: 0:135:56: 'subgroup op' : requires SPIR-V 1.3 
ERROR: 0:136:57: 'subgroup op' : requires SPIR-V 1.3 
ERROR: 0:137:53: 'subgroup op' : requires SPIR-V 1.3 
ERROR: 0:139:65: 'subgroup op' : requires SPIR-V 1.3 
ERROR: 0:140:82: 'subgroup op' : requires SPIR-V 1.3 
ERROR: 0:141:83: 'subgroup op' : requires SPIR-V 1.3 
ERROR: 0:142:79: 'subgroup op' : requires SPIR-V 1.3 
ERROR: 0:144:64: 'subgroup op' : requires SPIR-V 1.3 
ERROR: 0:145:65: 'subgroup op' : requires SPIR-V 1.3 
ERROR: 0:146:66: 'subgroup op' : requires SPIR-V 1.3 
ERROR: 0:147:62: 'subgroup op' : requires SPIR-V 1.3 
ERROR: 0:149:64: 'subgroup op' : requires SPIR-V 1.3 
ERROR: 0:150:65: 'subgroup op' : requires SPIR-V 1.3 
ERROR: 0:151:66: 'subgroup op' : requires SPIR-V 1.3 
ERROR: 0:152:62: 'subgroup op' : requires SPIR-V 1.3 
ERROR: 0:154:64: 'subgroup op' : requires SPIR-V 1.3 
ERROR: 0:155:65: 'subgroup op' : requires SPIR-V 1.3 
ERROR: 0:156:66: 'subgroup op' : requires SPIR-V 1.3 
ERROR: 0:157:62: 'subgroup op' : requires SPIR-V 1.3 
ERROR: 0:159:64: 'subgroup op' : requires SPIR-V 1.3 
ERROR: 0:160:65: 'subgroup op' : requires SPIR-V 1.3 
ERROR: 0:161:66: 'subgroup op' : requires SPIR-V 1.3 
ERROR: 0:162:62: 'subgroup op' : requires SPIR-V 1.3 
ERROR: 0:164:64: 'subgroup op' : requires SPIR-V 1.3 
ERROR: 0:165:65: 'subgroup op' : requires SPIR-V 1.3 
ERROR: 0:166:66: 'subgroup op' : requires SPIR-V 1.3 
ERROR: 0:167:62: 'subgroup op' : requires SPIR-V 1.3 
ERROR: 0:169:64: 'subgroup op' : requires SPIR-V 1.3 
ERROR: 0:170:65: 'subgroup op' : requires SPIR-V 1.3 
ERROR: 0:171:66: 'subgroup op' : requires SPIR-V 1.3 
ERROR: 0:172:62: 'subgroup op' : requires SPIR-V 1.3 
ERROR: 0:174:64: 'subgroup op' : requires SPIR-V 1.3 
ERROR: 0:175:65: 'subgroup op' : requires SPIR-V 1.3 
ERROR: 0:176:66: 'subgroup op' : requires SPIR-V 1.3 
ERROR: 0:177:62: 'subgroup op' : requires SPIR-V 1.3 
ERROR: 0:179:64: 'subgroup op' : requires SPIR-V 1.3 
ERROR: 0:180:65: 'subgroup op' : requires SPIR-V 1.3 
ERROR: 0:181:66: 'subgroup op' : requires SPIR-V 1.3 
ERROR: 0:182:62: 'subgroup op' : requires SPIR-V 1.3 
ERROR: 0:184:64: 'subgroup op' : requires SPIR-V 1.3 
ERROR: 0:185:65: 'subgroup op' : requires SPIR-V 1.3 
ERROR: 0:186:66: 'subgroup op' : requires SPIR-V 1.3 
ERROR: 0:187:62: 'subgroup op' : requires SPIR-V 1.3 
ERROR: 0:189:64: 'subgroup op' : requires SPIR-V 1.3 
ERROR: 0:190:65: 'subgroup op' : requires SPIR-V 1.3 
ERROR: 0:191:66: 'subgroup op' : requires SPIR-V 1.3 
ERROR: 0:192:62: 'subgroup op' : requires SPIR-V 1.3 
ERROR: 0:194:64: 'subgroup op' : requires SPIR-V 1.3 
ERROR: 0:195:65: 'subgroup op' : requires SPIR-V 1.3 
ERROR: 0:196:66: 'subgroup op' : requires SPIR-V 1.3 
ERROR: 0:197:62: 'subgroup op' : requires SPIR-V 1.3 
ERROR: 0:199:64: 'subgroup op' : requires SPIR-V 1.3 
ERROR: 0:200:65: 'subgroup op' : requires SPIR-V 1.3 
ERROR: 0:201:66: 'subgroup op' : requires SPIR-V 1.3 
ERROR: 0:202:62: 'subgroup op' : requires SPIR-V 1.3 
ERROR: 0:204:64: 'subgroup op' : requires SPIR-V 1.3 
ERROR: 0:205:65: 'subgroup op' : requires SPIR-V 1.3 
ERROR: 0:206:66: 'subgroup op' : requires SPIR-V 1.3 
ERROR: 0:207:62: 'subgroup op' : requires SPIR-V 1.3 
ERROR: 0:209:64: 'subgroup op' : requires SPIR-V 1.3 
ERROR: 0:210:65: 'subgroup op' : requires SPIR-V 1.3 
ERROR: 0:211:66: 'subgroup op' : requires SPIR-V 1.3 
ERROR: 0:212:62: 'subgroup op' : requires SPIR-V 1.3 
ERROR: 0:214:64: 'subgroup op' : requires SPIR-V 1.3 
ERROR: 0:215:65: 'subgroup op' : requires SPIR-V 1.3 
ERROR: 0:216:66: 'subgroup op' : requires SPIR-V 1.3 
ERROR: 0:217:62: 'subgroup op' : requires SPIR-V 1.3 
ERROR: 0:219:64: 'subgroup op' : requires SPIR-V 1.3 
ERROR: 0:220:65: 'subgroup op' : requires SPIR-V 1.3 
ERROR: 0:221:66: 'subgroup op' : requires SPIR-V 1.3 
ERROR: 0:222:62: 'subgroup op' : requires SPIR-V 1.3 
ERROR: 0:224:64: 'subgroup op' : requires SPIR-V 1.3 
ERROR: 0:225:65: 'subgroup op' : requires SPIR-V 1.3 
ERROR: 0:226:66: 'subgroup op' : requires SPIR-V 1.3 
ERROR: 0:227:62: 'subgroup op' : requires SPIR-V 1.3 
ERROR: 0:229:64: 'subgroup op' : requires SPIR-V 1.3 
ERROR: 0:230:65: 'subgroup op' : requires SPIR-V 1.3 
ERROR: 0:231:66: 'subgroup op' : requires SPIR-V 1.3 
ERROR: 0:232:62: 'subgroup op' : requires SPIR-V 1.3 
ERROR: 0:234:74: 'subgroup op' : requires SPIR-V 1.3 
ERROR: 0:235:91: 'subgroup op' : requires SPIR-V 1.3 
ERROR: 0:236:92: 'subgroup op' : requires SPIR-V 1.3 
ERROR: 0:237:88: 'subgroup op' : requires SPIR-V 1.3 
ERROR: 0:239:63: 'subgroup op' : requires SPIR-V 1.3 
ERROR: 0:240:64: 'subgroup op' : requires SPIR-V 1.3 
ERROR: 0:241:65: 'subgroup op' : requires SPIR-V 1.3 
ERROR: 0:242:61: 'subgroup op' : requires SPIR-V 1.3 
ERROR: 0:244:63: 'subgroup op' : requires SPIR-V 1.3 
ERROR: 0:245:64: 'subgroup op' : requires SPIR-V 1.3 
ERROR: 0:246:65: 'subgroup op' : requires SPIR-V 1.3 
ERROR: 0:247:61: 'subgroup op' : requires SPIR-V 1.3 
ERROR: 0:249:73: 'subgroup op' : requires SPIR-V 1.3 
ERROR: 0:250:90: 'subgroup op' : requires SPIR-V 1.3 
ERROR: 0:251:91: 'subgroup op' : requires SPIR-V 1.3 
ERROR: 0:252:87: 'subgroup op' : requires SPIR-V 1.3 
ERROR: 0:254:64: 'subgroup op' : requires SPIR-V 1.3 
ERROR: 0:255:65: 'subgroup op' : requires SPIR-V 1.3 
ERROR: 0:256:66: 'subgroup op' : requires SPIR-V 1.3 
ERROR: 0:257:62: 'subgroup op' : requires SPIR-V 1.3 
ERROR: 0:259:64: 'subgroup op' : requires SPIR-V 1.3 
ERROR: 0:260:65: 'subgroup op' : requires SPIR-V 1.3 
ERROR: 0:261:66: 'subgroup op' : requires SPIR-V 1.3 
ERROR: 0:262:62: 'subgroup op' : requires SPIR-V 1.3 
ERROR: 0:264:74: 'subgroup op' : requires SPIR-V 1.3 
ERROR: 0:265:91: 'subgroup op' : requires SPIR-V 1.3 
ERROR: 0:266:92: 'subgroup op' : requires SPIR-V 1.3 
ERROR: 0:267:88: 'subgroup op' : requires SPIR-V 1.3 
ERROR: 0:269:64: 'subgroup op' : requires SPIR-V 1.3 
ERROR: 0:270:65: 'subgroup op' : requires SPIR-V 1.3 
ERROR: 0:271:66: 'subgroup op' : requires SPIR-V 1.3 
ERROR: 0:272:62: 'subgroup op' : requires SPIR-V 1.3 
ERROR: 0:274:64: 'subgroup op' : requires SPIR-V 1.3 
ERROR: 0:275:65: 'subgroup op' : requires SPIR-V 1.3 
ERROR: 0:276:66: 'subgroup op' : requires SPIR-V 1.3 
ERROR: 0:277:62: 'subgroup op' : requires SPIR-V 1.3 
ERROR: 0:279:64: 'subgroup op' : requires SPIR-V 1.3 
ERROR: 0:280:65: 'subgroup op' : requires SPIR-V 1.3 
ERROR: 0:281:66: 'subgroup op' : requires SPIR-V 1.3 
ERROR: 0:282:62: 'subgroup op' : requires SPIR-V 1.3 
ERROR: 0:284:64: 'subgroup op' : requires SPIR-V 1.3 
ERROR: 0:285:65: 'subgroup op' : requires SPIR-V 1.3 
ERROR: 0:286:66: 'subgroup op' : requires SPIR-V 1.3 
ERROR: 0:287:62: 'subgroup op' : requires SPIR-V 1.3 
ERROR: 0:289:64: 'subgroup op' : requires SPIR-V 1.3 
ERROR: 0:290:65: 'subgroup op' : requires SPIR-V 1.3 
ERROR: 0:291:66: 'subgroup op' : requires SPIR-V 1.3 
ERROR: 0:292:62: 'subgroup op' : requires SPIR-V 1.3 
ERROR: 0:294:64: 'subgroup op' : requires SPIR-V 1.3 
ERROR: 0:295:65: 'subgroup op' : requires SPIR-V 1.3 
ERROR: 0:296:66: 'subgroup op' : requires SPIR-V 1.3 
ERROR: 0:297:62: 'subgroup op' : requires SPIR-V 1.3 
ERROR: 0:299:64: 'subgroup op' : requires SPIR-V 1.3 
ERROR: 0:300:65: 'subgroup op' : requires SPIR-V 1.3 
ERROR: 0:301:66: 'subgroup op' : requires SPIR-V 1.3 
ERROR: 0:302:62: 'subgroup op' : requires SPIR-V 1.3 
ERROR: 0:304:64: 'subgroup op' : requires SPIR-V 1.3 
ERROR: 0:305:65: 'subgroup op' : requires SPIR-V 1.3 
ERROR: 0:306:66: 'subgroup op' : requires SPIR-V 1.3 
ERROR: 0:307:62: 'subgroup op' : requires SPIR-V 1.3 
ERROR: 0:309:64: 'subgroup op' : requires SPIR-V 1.3 
ERROR: 0:310:65: 'subgroup op' : requires SPIR-V 1.3 
ERROR: 0:311:66: 'subgroup op' : requires SPIR-V 1.3 
ERROR: 0:312:62: 'subgroup op' : requires SPIR-V 1.3 
ERROR: 0:314:64: 'subgroup op' : requires SPIR-V 1.3 
ERROR: 0:315:65: 'subgroup op' : requires SPIR-V 1.3 
ERROR: 0:316:66: 'subgroup op' : requires SPIR-V 1.3 
ERROR: 0:317:62: 'subgroup op' : requires SPIR-V 1.3 
ERROR: 0:319:64: 'subgroup op' : requires SPIR-V 1.3 
ERROR: 0:320:65: 'subgroup op' : requires SPIR-V 1.3 
ERROR: 0:321:66: 'subgroup op' : requires SPIR-V 1.3 
ERROR: 0:322:62: 'subgroup op' : requires SPIR-V 1.3 
ERROR: 0:324:64: 'subgroup op' : requires SPIR-V 1.3 
ERROR: 0:325:65: 'subgroup op' : requires SPIR-V 1.3 
ERROR: 0:326:66: 'subgroup op' : requires SPIR-V 1.3 
ERROR: 0:327:62: 'subgroup op' : requires SPIR-V 1.3 
ERROR: 0:329:64: 'subgroup op' : requires SPIR-V 1.3 
ERROR: 0:330:65: 'subgroup op' : requires SPIR-V 1.3 
ERROR: 0:331:66: 'subgroup op' : requires SPIR-V 1.3 
ERROR: 0:332:62: 'subgroup op' : requires SPIR-V 1.3 
ERROR: 0:334:64: 'subgroup op' : requires SPIR-V 1.3 
ERROR: 0:335:65: 'subgroup op' : requires SPIR-V 1.3 
ERROR: 0:336:66: 'subgroup op' : requires SPIR-V 1.3 
ERROR: 0:337:62: 'subgroup op' : requires SPIR-V 1.3 
ERROR: 0:339:64: 'subgroup op' : requires SPIR-V 1.3 
ERROR: 0:340:65: 'subgroup op' : requires SPIR-V 1.3 
ERROR: 0:341:66: 'subgroup op' : requires SPIR-V 1.3 
ERROR: 0:342:62: 'subgroup op' : requires SPIR-V 1.3 
ERROR: 0:344:64: 'subgroup op' : requires SPIR-V 1.3 
ERROR: 0:345:65: 'subgroup op' : requires SPIR-V 1.3 
ERROR: 0:346:66: 'subgroup op' : requires SPIR-V 1.3 
ERROR: 0:347:62: 'subgroup op' : requires SPIR-V 1.3 
ERROR: 0:349:64: 'subgroup op' : requires SPIR-V 1.3 
ERROR: 0:350:65: 'subgroup op' : requires SPIR-V 1.3 
ERROR: 0:351:66: 'subgroup op' : requires SPIR-V 1.3 
ERROR: 0:352:62: 'subgroup op' : requires SPIR-V 1.3 
ERROR: 0:354:64: 'subgroup op' : requires SPIR-V 1.3 
ERROR: 0:355:65: 'subgroup op' : requires SPIR-V 1.3 
ERROR: 0:356:66: 'subgroup op' : requires SPIR-V 1.3 
ERROR: 0:357:62: 'subgroup op' : requires SPIR-V 1.3 
ERROR: 0:359:74: 'subgroup op' : requires SPIR-V 1.3 
ERROR: 0:360:91: 'subgroup op' : requires SPIR-V 1.3 
ERROR: 0:361:92: 'subgroup op' : requires SPIR-V 1.3 
ERROR: 0:362:88: 'subgroup op' : requires SPIR-V 1.3 
ERROR: 0:364:63: 'subgroup op' : requires SPIR-V 1.3 
ERROR: 0:365:64: 'subgroup op' : requires SPIR-V 1.3 
ERROR: 0:366:65: 'subgroup op' : requires SPIR-V 1.3 
ERROR: 0:367:61: 'subgroup op' : requires SPIR-V 1.3 
ERROR: 0:369:63: 'subgroup op' : requires SPIR-V 1.3 
ERROR: 0:370:64: 'subgroup op' : requires SPIR-V 1.3 
ERROR: 0:371:65: 'subgroup op' : requires SPIR-V 1.3 
ERROR: 0:372:61: 'subgroup op' : requires SPIR-V 1.3 
ERROR: 0:374:73: 'subgroup op' : requires SPIR-V 1.3 
ERROR: 0:375:90: 'subgroup op' : requires SPIR-V 1.3 
ERROR: 0:376:91: 'subgroup op' : requires SPIR-V 1.3 
ERROR: 0:377:87: 'subgroup op' : requires SPIR-V 1.3 
ERROR: 0:379:64: 'subgroup op' : requires SPIR-V 1.3 
ERROR: 0:380:65: 'subgroup op' : requires SPIR-V 1.3 
ERROR: 0:381:66: 'subgroup op' : requires SPIR-V 1.3 
ERROR: 0:382:62: 'subgroup op' : requires SPIR-V 1.3 
ERROR: 0:384:64: 'subgroup op' : requires SPIR-V 1.3 
ERROR: 0:385:65: 'subgroup op' : requires SPIR-V 1.3 
ERROR: 0:386:66: 'subgroup op' : requires SPIR-V 1.3 
ERROR: 0:387:62: 'subgroup op' : requires SPIR-V 1.3 
ERROR: 0:389:74: 'subgroup op' : requires SPIR-V 1.3 
ERROR: 0:390:91: 'subgroup op' : requires SPIR-V 1.3 
ERROR: 0:391:92: 'subgroup op' : requires SPIR-V 1.3 
ERROR: 0:392:88: 'subgroup op' : requires SPIR-V 1.3 
ERROR: 300 compilation errors.  No code generated.


SPIR-V is not generated for failed compile or link
