spv.atomicFloat_Error.comp
ERROR: 0:20: 'sampler binding' : must be less than gl_MaxImageUnits (8)
ERROR: 0:26: 'atomicAdd' : required extension not requested: GL_EXT_shader_atomic_float
ERROR: 0:27: 'atomicAdd' : required extension not requested: GL_EXT_shader_atomic_float
ERROR: 0:28: 'atomicAdd' : required extension not requested: GL_EXT_shader_atomic_float
ERROR: 0:29: 'atomicAdd' : required extension not requested: GL_EXT_shader_atomic_float
ERROR: 0:32: 'atomicAdd' : required extension not requested: GL_EXT_shader_atomic_float
ERROR: 0:33: 'atomicAdd' : required extension not requested: GL_EXT_shader_atomic_float
ERROR: 0:34: 'atomicAdd' : required extension not requested: GL_EXT_shader_atomic_float
ERROR: 0:35: 'atomicAdd' : required extension not requested: GL_EXT_shader_atomic_float
ERROR: 0:38: 'atomicExchange' : required extension not requested: GL_EXT_shader_atomic_float
ERROR: 0:39: 'atomicExchange' : required extension not requested: GL_EXT_shader_atomic_float
ERROR: 0:40: 'atomicExchange' : required extension not requested: GL_EXT_shader_atomic_float
ERROR: 0:41: 'atomicExchange' : required extension not requested: GL_EXT_shader_atomic_float
ERROR: 0:44: 'atomicExchange' : required extension not requested: GL_EXT_shader_atomic_float
ERROR: 0:45: 'atomicExchange' : required extension not requested: GL_EXT_shader_atomic_float
ERROR: 0:46: 'atomicExchange' : required extension not requested: GL_EXT_shader_atomic_float
ERROR: 0:47: 'atomicExchange' : required extension not requested: GL_EXT_shader_atomic_float
ERROR: 0:51: 'atomicLoad' : required extension not requested: GL_EXT_shader_atomic_float
ERROR: 0:52: 'atomicStore' : required extension not requested: GL_EXT_shader_atomic_float
ERROR: 0:53: 'atomicLoad' : required extension not requested: GL_EXT_shader_atomic_float
ERROR: 0:54: 'atomicStore' : required extension not requested: GL_EXT_shader_atomic_float
ERROR: 0:57: 'atomicLoad' : required extension not requested: GL_EXT_shader_atomic_float
ERROR: 0:58: 'atomicStore' : required extension not requested: GL_EXT_shader_atomic_float
ERROR: 0:59: 'atomicLoad' : required extension not requested: GL_EXT_shader_atomic_float
ERROR: 0:60: 'atomicStore' : required extension not requested: GL_EXT_shader_atomic_float
ERROR: 0:64: 'imageAtomicAdd' : required extension not requested: GL_EXT_shader_atomic_float
ERROR: 0:65: 'imageAtomicAdd' : required extension not requested: GL_EXT_shader_atomic_float
ERROR: 0:67: 'imageAtomicLoad' : required extension not requested: GL_EXT_shader_atomic_float
ERROR: 0:68: 'imageAtomicStore' : required extension not requested: GL_EXT_shader_atomic_float
ERROR: 0:81: 'atomicAdd' : no matching overloaded function found 
ERROR: 0:82: 'atomicAdd' : no matching overloaded function found 
ERROR: 0:83: 'atomicAdd' : no matching overloaded function found 
ERROR: 0:84: 'atomicAdd' : no matching overloaded function found 
ERROR: 0:87: 'atomicExchange' : no matching overloaded function found 
ERROR: 0:88: 'atomicExchange' : no matching overloaded function found 
ERROR: 0:89: 'atomicExchange' : no matching overloaded function found 
ERROR: 0:90: 'atomicExchange' : no matching overloaded function found 
ERROR: 0:91: 'atomicExchange' : no matching overloaded function found 
ERROR: 0:92: 'atomicExchange' : no matching overloaded function found 
ERROR: 0:96: 'atomicLoad' : no matching overloaded function found 
ERROR: 0:97: 'atomicStore' : no matching overloaded function found 
ERROR: 0:100: 'imageAtomicAdd' : no matching overloaded function found 
ERROR: 0:101: 'imageAtomicAdd' : no matching overloaded function found 
ERROR: 0:102: 'imageAtomicAdd' : no matching overloaded function found 
ERROR: 0:103: 'imageAtomicExchange' : no matching overloaded function found 
ERROR: 0:104: 'imageAtomicExchange' : no matching overloaded function found 
ERROR: 0:105: 'imageAtomicExchange' : no matching overloaded function found 
ERROR: 0:106: 'imageAtomicLoad' : no matching overloaded function found 
ERROR: 0:107: 'imageAtomicLoad' : no matching overloaded function found 
ERROR: 0:108: 'imageAtomicLoad' : no matching overloaded function found 
ERROR: 0:109: 'imageAtomicStore' : no matching overloaded function found 
ERROR: 0:110: 'imageAtomicStore' : no matching overloaded function found 
ERROR: 0:111: 'imageAtomicStore' : no matching overloaded function found 
ERROR: 53 compilation errors.  No code generated.


SPIR-V is not generated for failed compile or link
