spv.subgroupClusteredNeg.comp
ERROR: 0:22:68: 'cluster size' : argument must be at least 1 
ERROR: 0:24:67: 'cluster size' : argument must be a power of 2 
ERROR: 0:27:69: 'cluster size' : argument must be a power of 2 
ERROR: 0:29:68: 'cluster size' : argument must be at least 1 
ERROR: 0:31:66: 'cluster size' : argument must be at least 1 
ERROR: 0:33:66: 'cluster size' : argument must be compile-time constant 
ERROR: 0:36:71: 'cluster size' : argument must be compile-time constant 
ERROR: 0:37:77: 'cluster size' : argument must be compile-time constant 
ERROR: 8 compilation errors.  No code generated.


SPIR-V is not generated for failed compile or link
