spv.subgroupExtendedTypesQuadNeg.comp
ERROR: 0:26:68: ' temp int8_t' : required extension not requested: GL_EXT_shader_subgroup_extended_types_int8
ERROR: 0:27:69: ' temp 2-component vector of int8_t' : required extension not requested: GL_EXT_shader_subgroup_extended_types_int8
ERROR: 0:28:70: ' temp 3-component vector of int8_t' : required extension not requested: GL_EXT_shader_subgroup_extended_types_int8
ERROR: 0:29:66: 'layout( column_major std430) buffer 4-component vector of int8_t' : required extension not requested: GL_EXT_shader_subgroup_extended_types_int8
ERROR: 0:31:70: ' temp int8_t' : required extension not requested: GL_EXT_shader_subgroup_extended_types_int8
ERROR: 0:32:71: ' temp 2-component vector of int8_t' : required extension not requested: GL_EXT_shader_subgroup_extended_types_int8
ERROR: 0:33:72: ' temp 3-component vector of int8_t' : required extension not requested: GL_EXT_shader_subgroup_extended_types_int8
ERROR: 0:34:68: 'layout( column_major std430) buffer 4-component vector of int8_t' : required extension not requested: GL_EXT_shader_subgroup_extended_types_int8
ERROR: 0:36:68: ' temp int8_t' : required extension not requested: GL_EXT_shader_subgroup_extended_types_int8
ERROR: 0:37:69: ' temp 2-component vector of int8_t' : required extension not requested: GL_EXT_shader_subgroup_extended_types_int8
ERROR: 0:38:70: ' temp 3-component vector of int8_t' : required extension not requested: GL_EXT_shader_subgroup_extended_types_int8
ERROR: 0:39:66: 'layout( column_major std430) buffer 4-component vector of int8_t' : required extension not requested: GL_EXT_shader_subgroup_extended_types_int8
ERROR: 0:41:68: ' temp int8_t' : required extension not requested: GL_EXT_shader_subgroup_extended_types_int8
ERROR: 0:42:69: ' temp 2-component vector of int8_t' : required extension not requested: GL_EXT_shader_subgroup_extended_types_int8
ERROR: 0:43:70: ' temp 3-component vector of int8_t' : required extension not requested: GL_EXT_shader_subgroup_extended_types_int8
ERROR: 0:44:66: 'layout( column_major std430) buffer 4-component vector of int8_t' : required extension not requested: GL_EXT_shader_subgroup_extended_types_int8
ERROR: 0:46:68: ' temp uint8_t' : required extension not requested: GL_EXT_shader_subgroup_extended_types_int8
ERROR: 0:47:69: ' temp 2-component vector of uint8_t' : required extension not requested: GL_EXT_shader_subgroup_extended_types_int8
ERROR: 0:48:70: ' temp 3-component vector of uint8_t' : required extension not requested: GL_EXT_shader_subgroup_extended_types_int8
ERROR: 0:49:66: 'layout( column_major std430) buffer 4-component vector of uint8_t' : required extension not requested: GL_EXT_shader_subgroup_extended_types_int8
ERROR: 0:51:70: ' temp uint8_t' : required extension not requested: GL_EXT_shader_subgroup_extended_types_int8
ERROR: 0:52:71: ' temp 2-component vector of uint8_t' : required extension not requested: GL_EXT_shader_subgroup_extended_types_int8
ERROR: 0:53:72: ' temp 3-component vector of uint8_t' : required extension not requested: GL_EXT_shader_subgroup_extended_types_int8
ERROR: 0:54:68: 'layout( column_major std430) buffer 4-component vector of uint8_t' : required extension not requested: GL_EXT_shader_subgroup_extended_types_int8
ERROR: 0:56:68: ' temp uint8_t' : required extension not requested: GL_EXT_shader_subgroup_extended_types_int8
ERROR: 0:57:69: ' temp 2-component vector of uint8_t' : required extension not requested: GL_EXT_shader_subgroup_extended_types_int8
ERROR: 0:58:70: ' temp 3-component vector of uint8_t' : required extension not requested: GL_EXT_shader_subgroup_extended_types_int8
ERROR: 0:59:66: 'layout( column_major std430) buffer 4-component vector of uint8_t' : required extension not requested: GL_EXT_shader_subgroup_extended_types_int8
ERROR: 0:61:68: ' temp uint8_t' : required extension not requested: GL_EXT_shader_subgroup_extended_types_int8
ERROR: 0:62:69: ' temp 2-component vector of uint8_t' : required extension not requested: GL_EXT_shader_subgroup_extended_types_int8
ERROR: 0:63:70: ' temp 3-component vector of uint8_t' : required extension not requested: GL_EXT_shader_subgroup_extended_types_int8
ERROR: 0:64:66: 'layout( column_major std430) buffer 4-component vector of uint8_t' : required extension not requested: GL_EXT_shader_subgroup_extended_types_int8
ERROR: 0:66:70: ' temp int16_t' : required extension not requested: GL_EXT_shader_subgroup_extended_types_int16
ERROR: 0:67:71: ' temp 2-component vector of int16_t' : required extension not requested: GL_EXT_shader_subgroup_extended_types_int16
ERROR: 0:68:72: ' temp 3-component vector of int16_t' : required extension not requested: GL_EXT_shader_subgroup_extended_types_int16
ERROR: 0:69:68: 'layout( column_major std430) buffer 4-component vector of int16_t' : required extension not requested: GL_EXT_shader_subgroup_extended_types_int16
ERROR: 0:71:72: ' temp int16_t' : required extension not requested: GL_EXT_shader_subgroup_extended_types_int16
ERROR: 0:72:73: ' temp 2-component vector of int16_t' : required extension not requested: GL_EXT_shader_subgroup_extended_types_int16
ERROR: 0:73:74: ' temp 3-component vector of int16_t' : required extension not requested: GL_EXT_shader_subgroup_extended_types_int16
ERROR: 0:74:70: 'layout( column_major std430) buffer 4-component vector of int16_t' : required extension not requested: GL_EXT_shader_subgroup_extended_types_int16
ERROR: 0:76:70: ' temp int16_t' : required extension not requested: GL_EXT_shader_subgroup_extended_types_int16
ERROR: 0:77:71: ' temp 2-component vector of int16_t' : required extension not requested: GL_EXT_shader_subgroup_extended_types_int16
ERROR: 0:78:72: ' temp 3-component vector of int16_t' : required extension not requested: GL_EXT_shader_subgroup_extended_types_int16
ERROR: 0:79:68: 'layout( column_major std430) buffer 4-component vector of int16_t' : required extension not requested: GL_EXT_shader_subgroup_extended_types_int16
ERROR: 0:81:70: ' temp int16_t' : required extension not requested: GL_EXT_shader_subgroup_extended_types_int16
ERROR: 0:82:71: ' temp 2-component vector of int16_t' : required extension not requested: GL_EXT_shader_subgroup_extended_types_int16
ERROR: 0:83:72: ' temp 3-component vector of int16_t' : required extension not requested: GL_EXT_shader_subgroup_extended_types_int16
ERROR: 0:84:68: 'layout( column_major std430) buffer 4-component vector of int16_t' : required extension not requested: GL_EXT_shader_subgroup_extended_types_int16
ERROR: 0:86:70: ' temp uint16_t' : required extension not requested: GL_EXT_shader_subgroup_extended_types_int16
ERROR: 0:87:71: ' temp 2-component vector of uint16_t' : required extension not requested: GL_EXT_shader_subgroup_extended_types_int16
ERROR: 0:88:72: ' temp 3-component vector of uint16_t' : required extension not requested: GL_EXT_shader_subgroup_extended_types_int16
ERROR: 0:89:68: 'layout( column_major std430) buffer 4-component vector of uint16_t' : required extension not requested: GL_EXT_shader_subgroup_extended_types_int16
ERROR: 0:91:72: ' temp uint16_t' : required extension not requested: GL_EXT_shader_subgroup_extended_types_int16
ERROR: 0:92:73: ' temp 2-component vector of uint16_t' : required extension not requested: GL_EXT_shader_subgroup_extended_types_int16
ERROR: 0:93:74: ' temp 3-component vector of uint16_t' : required extension not requested: GL_EXT_shader_subgroup_extended_types_int16
ERROR: 0:94:70: 'layout( column_major std430) buffer 4-component vector of uint16_t' : required extension not requested: GL_EXT_shader_subgroup_extended_types_int16
ERROR: 0:96:70: ' temp uint16_t' : required extension not requested: GL_EXT_shader_subgroup_extended_types_int16
ERROR: 0:97:71: ' temp 2-component vector of uint16_t' : required extension not requested: GL_EXT_shader_subgroup_extended_types_int16
ERROR: 0:98:72: ' temp 3-component vector of uint16_t' : required extension not requested: GL_EXT_shader_subgroup_extended_types_int16
ERROR: 0:99:68: 'layout( column_major std430) buffer 4-component vector of uint16_t' : required extension not requested: GL_EXT_shader_subgroup_extended_types_int16
ERROR: 0:101:70: ' temp uint16_t' : required extension not requested: GL_EXT_shader_subgroup_extended_types_int16
ERROR: 0:102:71: ' temp 2-component vector of uint16_t' : required extension not requested: GL_EXT_shader_subgroup_extended_types_int16
ERROR: 0:103:72: ' temp 3-component vector of uint16_t' : required extension not requested: GL_EXT_shader_subgroup_extended_types_int16
ERROR: 0:104:68: 'layout( column_major std430) buffer 4-component vector of uint16_t' : required extension not requested: GL_EXT_shader_subgroup_extended_types_int16
ERROR: 0:106:70: ' temp int64_t' : required extension not requested: GL_EXT_shader_subgroup_extended_types_int64
ERROR: 0:107:71: ' temp 2-component vector of int64_t' : required extension not requested: GL_EXT_shader_subgroup_extended_types_int64
ERROR: 0:108:72: ' temp 3-component vector of int64_t' : required extension not requested: GL_EXT_shader_subgroup_extended_types_int64
ERROR: 0:109:68: 'layout( column_major std430) buffer 4-component vector of int64_t' : required extension not requested: GL_EXT_shader_subgroup_extended_types_int64
ERROR: 0:111:72: ' temp int64_t' : required extension not requested: GL_EXT_shader_subgroup_extended_types_int64
ERROR: 0:112:73: ' temp 2-component vector of int64_t' : required extension not requested: GL_EXT_shader_subgroup_extended_types_int64
ERROR: 0:113:74: ' temp 3-component vector of int64_t' : required extension not requested: GL_EXT_shader_subgroup_extended_types_int64
ERROR: 0:114:70: 'layout( column_major std430) buffer 4-component vector of int64_t' : required extension not requested: GL_EXT_shader_subgroup_extended_types_int64
ERROR: 0:116:70: ' temp int64_t' : required extension not requested: GL_EXT_shader_subgroup_extended_types_int64
ERROR: 0:117:71: ' temp 2-component vector of int64_t' : required extension not requested: GL_EXT_shader_subgroup_extended_types_int64
ERROR: 0:118:72: ' temp 3-component vector of int64_t' : required extension not requested: GL_EXT_shader_subgroup_extended_types_int64
ERROR: 0:119:68: 'layout( column_major std430) buffer 4-component vector of int64_t' : required extension not requested: GL_EXT_shader_subgroup_extended_types_int64
ERROR: 0:121:70: ' temp int64_t' : required extension not requested: GL_EXT_shader_subgroup_extended_types_int64
ERROR: 0:122:71: ' temp 2-component vector of int64_t' : required extension not requested: GL_EXT_shader_subgroup_extended_types_int64
ERROR: 0:123:72: ' temp 3-component vector of int64_t' : required extension not requested: GL_EXT_shader_subgroup_extended_types_int64
ERROR: 0:124:68: 'layout( column_major std430) buffer 4-component vector of int64_t' : required extension not requested: GL_EXT_shader_subgroup_extended_types_int64
ERROR: 0:126:70: ' temp uint64_t' : required extension not requested: GL_EXT_shader_subgroup_extended_types_int64
ERROR: 0:127:71: ' temp 2-component vector of uint64_t' : required extension not requested: GL_EXT_shader_subgroup_extended_types_int64
ERROR: 0:128:72: ' temp 3-component vector of uint64_t' : required extension not requested: GL_EXT_shader_subgroup_extended_types_int64
ERROR: 0:129:68: 'layout( column_major std430) buffer 4-component vector of uint64_t' : required extension not requested: GL_EXT_shader_subgroup_extended_types_int64
ERROR: 0:131:72: ' temp uint64_t' : required extension not requested: GL_EXT_shader_subgroup_extended_types_int64
ERROR: 0:132:73: ' temp 2-component vector of uint64_t' : required extension not requested: GL_EXT_shader_subgroup_extended_types_int64
ERROR: 0:133:74: ' temp 3-component vector of uint64_t' : required extension not requested: GL_EXT_shader_subgroup_extended_types_int64
ERROR: 0:134:70: 'layout( column_major std430) buffer 4-component vector of uint64_t' : required extension not requested: GL_EXT_shader_subgroup_extended_types_int64
ERROR: 0:136:70: ' temp uint64_t' : required extension not requested: GL_EXT_shader_subgroup_extended_types_int64
ERROR: 0:137:71: ' temp 2-component vector of uint64_t' : required extension not requested: GL_EXT_shader_subgroup_extended_types_int64
ERROR: 0:138:72: ' temp 3-component vector of uint64_t' : required extension not requested: GL_EXT_shader_subgroup_extended_types_int64
ERROR: 0:139:68: 'layout( column_major std430) buffer 4-component vector of uint64_t' : required extension not requested: GL_EXT_shader_subgroup_extended_types_int64
ERROR: 0:141:70: ' temp uint64_t' : required extension not requested: GL_EXT_shader_subgroup_extended_types_int64
ERROR: 0:142:71: ' temp 2-component vector of uint64_t' : required extension not requested: GL_EXT_shader_subgroup_extended_types_int64
ERROR: 0:143:72: ' temp 3-component vector of uint64_t' : required extension not requested: GL_EXT_shader_subgroup_extended_types_int64
ERROR: 0:144:68: 'layout( column_major std430) buffer 4-component vector of uint64_t' : required extension not requested: GL_EXT_shader_subgroup_extended_types_int64
ERROR: 0:146:70: ' temp float16_t' : required extension not requested: GL_EXT_shader_subgroup_extended_types_float16
ERROR: 0:147:71: ' temp 2-component vector of float16_t' : required extension not requested: GL_EXT_shader_subgroup_extended_types_float16
ERROR: 0:148:72: ' temp 3-component vector of float16_t' : required extension not requested: GL_EXT_shader_subgroup_extended_types_float16
ERROR: 0:149:68: 'layout( column_major std430) buffer 4-component vector of float16_t' : required extension not requested: GL_EXT_shader_subgroup_extended_types_float16
ERROR: 0:151:72: ' temp float16_t' : required extension not requested: GL_EXT_shader_subgroup_extended_types_float16
ERROR: 0:152:73: ' temp 2-component vector of float16_t' : required extension not requested: GL_EXT_shader_subgroup_extended_types_float16
ERROR: 0:153:74: ' temp 3-component vector of float16_t' : required extension not requested: GL_EXT_shader_subgroup_extended_types_float16
ERROR: 0:154:70: 'layout( column_major std430) buffer 4-component vector of float16_t' : required extension not requested: GL_EXT_shader_subgroup_extended_types_float16
ERROR: 0:156:70: ' temp float16_t' : required extension not requested: GL_EXT_shader_subgroup_extended_types_float16
ERROR: 0:157:71: ' temp 2-component vector of float16_t' : required extension not requested: GL_EXT_shader_subgroup_extended_types_float16
ERROR: 0:158:72: ' temp 3-component vector of float16_t' : required extension not requested: GL_EXT_shader_subgroup_extended_types_float16
ERROR: 0:159:68: 'layout( column_major std430) buffer 4-component vector of float16_t' : required extension not requested: GL_EXT_shader_subgroup_extended_types_float16
ERROR: 0:161:70: ' temp float16_t' : required extension not requested: GL_EXT_shader_subgroup_extended_types_float16
ERROR: 0:162:71: ' temp 2-component vector of float16_t' : required extension not requested: GL_EXT_shader_subgroup_extended_types_float16
ERROR: 0:163:72: ' temp 3-component vector of float16_t' : required extension not requested: GL_EXT_shader_subgroup_extended_types_float16
ERROR: 0:164:68: 'layout( column_major std430) buffer 4-component vector of float16_t' : required extension not requested: GL_EXT_shader_subgroup_extended_types_float16
ERROR: 112 compilation errors.  No code generated.


SPIR-V is not generated for failed compile or link
