spv.ext.RayCallable_Errors.rcall
ERROR: 0:3:1: 'hitAttributeEXT' : not supported in this stage: callable
ERROR: 0:4:1: 'rayPayloadEXT' : not supported in this stage: callable
ERROR: 0:5:1: 'rayPayloadInEXT' : not supported in this stage: callable
ERROR: 0:7:44: 'location' : overlapping use of location 0
ERROR: 0:10:14: 'gl_PrimitiveID' : undeclared identifier 
ERROR: 0:10:9: '=' :  cannot convert from ' temp float' to ' temp highp int'
ERROR: 0:11:14: 'gl_InstanceID' : undeclared identifier (Did you mean gl_InstanceIndex?)
ERROR: 0:11:9: '=' :  cannot convert from ' temp float' to ' temp highp int'
ERROR: 0:12:14: 'gl_InstanceCustomIndexEXT' : undeclared identifier 
ERROR: 0:12:9: '=' :  cannot convert from ' temp float' to ' temp highp int'
ERROR: 0:13:15: 'gl_WorldRayOriginEXT' : undeclared identifier 
ERROR: 0:13:10: '=' :  cannot convert from ' temp float' to ' temp highp 3-component vector of float'
ERROR: 0:14:15: 'gl_WorldRayDirectionEXT' : undeclared identifier 
ERROR: 0:14:10: '=' :  cannot convert from ' temp float' to ' temp highp 3-component vector of float'
ERROR: 0:15:15: 'gl_ObjectRayOriginEXT' : undeclared identifier 
ERROR: 0:15:10: '=' :  cannot convert from ' temp float' to ' temp highp 3-component vector of float'
ERROR: 0:16:15: 'gl_ObjectRayDirectionEXT' : undeclared identifier 
ERROR: 0:16:10: '=' :  cannot convert from ' temp float' to ' temp highp 3-component vector of float'
ERROR: 0:17:16: 'gl_RayTminEXT' : undeclared identifier 
ERROR: 0:18:16: 'gl_RayTmaxEXT' : undeclared identifier 
ERROR: 0:19:18: 'gl_ObjectToWorldEXT' : undeclared identifier 
ERROR: 0:19:12: '=' :  cannot convert from ' temp float' to ' temp highp 4X3 matrix of float'
ERROR: 0:20:18: 'gl_WorldToObjectEXT' : undeclared identifier 
ERROR: 0:20:12: '=' :  cannot convert from ' temp float' to ' temp highp 4X3 matrix of float'
ERROR: 0:21:17: 'gl_HitTEXT' : undeclared identifier 
ERROR: 0:22:17: 'gl_HitKindEXT' : undeclared identifier 
ERROR: 0:23:21: 'gl_IncomingRayFlagsEXT' : undeclared identifier 
ERROR: 0:23:10: '=' :  cannot convert from ' temp float' to ' temp highp uint'
ERROR: 0:24:34: 'reportIntersectionEXT' : no matching overloaded function found 
ERROR: 0:25:5: 'ignoreIntersectionEXT' : not supported in this stage: callable
ERROR: 0:26:5: 'terminateRayEXT' : not supported in this stage: callable
ERROR: 0:27:27: 'no callableDataEXT/callableDataInEXT declared' : with layout(location = 1)
ERROR: 32 compilation errors.  No code generated.


SPIR-V is not generated for failed compile or link
