../Test/vulkan.vert
Warning, version 450 is not yet complete; most version-specific features are present, but some are missing.
ERROR: ../Test/vulkan.vert:3: 'subpass input' : not supported in this stage: vertex
ERROR: ../Test/vulkan.vert:4: 'subpass input' : not supported in this stage: vertex
ERROR: ../Test/vulkan.vert:5: 'subpass input' : not supported in this stage: vertex
ERROR: ../Test/vulkan.vert:6: 'subpass input' : not supported in this stage: vertex
ERROR: ../Test/vulkan.vert:7: 'subpass input' : not supported in this stage: vertex
ERROR: ../Test/vulkan.vert:8: 'subpass input' : not supported in this stage: vertex
ERROR: ../Test/vulkan.vert:12: 'constant_id' : can only be applied to a scalar 
ERROR: ../Test/vulkan.vert:13: 'constant_id' : specialization-constant id already used 
ERROR: ../Test/vulkan.vert:13: 'constant_id' : can only be applied to 'const'-qualified scalar 
ERROR: ../Test/vulkan.vert:13: 'constant_id' : cannot be applied to this type 
ERROR: ../Test/vulkan.vert:14: 'constant_id' : specialization-constant id is too large 
ERROR: ../Test/vulkan.vert:15: 'constant_id' : can only be applied to a scalar 
ERROR: ../Test/vulkan.vert:16: 'constant_id' : specialization-constant id already used 
ERROR: ../Test/vulkan.vert:16: 'constant_id' : cannot declare a default, can only be used on a scalar 
ERROR: ../Test/vulkan.vert:20: 'subpassLoad' : no matching overloaded function found 
ERROR: ../Test/vulkan.vert:20: 'assign' :  cannot convert from ' const float' to ' smooth out highp 4-component vector of float'
ERROR: ../Test/vulkan.vert:23: 'atomic counter types' : not allowed when using GLSL for Vulkan 
ERROR: ../Test/vulkan.vert:24: 'shared' : not allowed when generating SPIR-V 
ERROR: ../Test/vulkan.vert:25: 'packed' : not allowed when generating SPIR-V 
ERROR: ../Test/vulkan.vert:32: 'initializer' : can't use with types containing arrays sized with a specialization constant 
ERROR: ../Test/vulkan.vert:34: '=' : can't use with types containing arrays sized with a specialization constant 
ERROR: ../Test/vulkan.vert:35: '==' : can't use with types containing arrays sized with a specialization constant 
ERROR: ../Test/vulkan.vert:39: 'set' : cannot be used with push_constant 
ERROR: 23 compilation errors.  No code generated.


SPIR-V is not generated for failed compile or link
