hlsl.flattenOpaqueInitMix.vert
WARNING: AST will form illegal SPIR-V; need to transform to legalize
// Module Version 10000
// Generated by (magic number): 80002
// Id's are bound by 100

                              Capability Shader
               1:             ExtInstImport  "GLSL.std.450"
                              MemoryModel Logical GLSL450
                              EntryPoint Vertex 4  "main" 68
                              Source HLSL 500
                              Name 4  "main"
                              Name 34  "FxaaTex"
                              MemberName 34(FxaaTex) 0  "smpl"
                              MemberName 34(FxaaTex) 1  "tex"
                              MemberName 34(FxaaTex) 2  "f"
                              Name 38  "g_tInputTexture_sampler"
                              Name 41  "g_tInputTexture"
                              Name 68  "@entryPointOutput"
                              Decorate 38(g_tInputTexture_sampler) DescriptorSet 0
                              Decorate 41(g_tInputTexture) DescriptorSet 0
                              Decorate 68(@entryPointOutput) Location 0
               2:             TypeVoid
               3:             TypeFunction 2
               6:             TypeSampler
               8:             TypeFloat 32
               9:             TypeImage 8(float) 2D sampled format:Unknown
              12:             TypeVector 8(float) 4
              24:             TypeSampledImage 9
              28:             TypeVector 8(float) 2
              30:    8(float) Constant 0
     34(FxaaTex):             TypeStruct 6 9 8(float)
              37:             TypePointer UniformConstant 6
38(g_tInputTexture_sampler):     37(ptr) Variable UniformConstant
              40:             TypePointer UniformConstant 9
41(g_tInputTexture):     40(ptr) Variable UniformConstant
              43:    8(float) Constant 1056964608
              67:             TypePointer Output 12(fvec4)
68(@entryPointOutput):     67(ptr) Variable Output
         4(main):           2 Function None 3
               5:             Label
              79:           6 Load 38(g_tInputTexture_sampler)
              80:           9 Load 41(g_tInputTexture)
              95:          24 SampledImage 80 79
              98:   28(fvec2) CompositeConstruct 43 43
              99:   12(fvec4) ImageSampleExplicitLod 95 98 Lod 30
                              Store 68(@entryPointOutput) 99
                              Return
                              FunctionEnd
